19:03:58 Single Runs ecmwf_ifs025
19:06:07   errore <urlopen error _ssl.c:993: The handshake operation timed out>
19:08:20   errore <urlopen error _ssl.c:993: The handshake operation timed out>
19:10:33   errore <urlopen error _ssl.c:993: The handshake operation timed out>
19:12:46   errore <urlopen error _ssl.c:993: The handshake operation timed out>
19:12:58   ecmwf_ifs025: corse fino al 2026-04-21
19:14:59   errore <urlopen error _ssl.c:993: The handshake operation timed out>
19:17:12   errore <urlopen error _ssl.c:993: The handshake operation timed out>
19:19:26   errore <urlopen error _ssl.c:993: The handshake operation timed out>
19:21:39   errore <urlopen error _ssl.c:993: The handshake operation timed out>
19:23:52   errore <urlopen error _ssl.c:993: The handshake operation timed out>
19:24:04   ecmwf_ifs025: corse fino al 2026-05-11
19:26:05   errore <urlopen error _ssl.c:993: The handshake operation timed out>
19:28:18   errore <urlopen error _ssl.c:993: The handshake operation timed out>
19:30:31   errore <urlopen error _ssl.c:993: The handshake operation timed out>
19:32:44   errore <urlopen error _ssl.c:993: The handshake operation timed out>
19:34:57   errore <urlopen error _ssl.c:993: The handshake operation timed out>
19:35:08   ecmwf_ifs025: corse fino al 2026-05-31
19:37:10   errore <urlopen error _ssl.c:993: The handshake operation timed out>
19:39:25   errore <urlopen error _ssl.c:993: The handshake operation timed out>
19:41:37   errore <urlopen error _ssl.c:993: The handshake operation timed out>
19:41:45   errore Expecting value: line 1 column 1 (char 0)
19:43:50   errore <urlopen error _ssl.c:993: The handshake operation timed out>
19:44:00   errore Expecting value: line 1 column 1 (char 0)
19:44:16   errore Expecting value: line 1 column 1 (char 0)
19:44:36   errore Expecting value: line 1 column 1 (char 0)
19:45:02   errore Expecting value: line 1 column 1 (char 0)
19:47:41   errore <urlopen error _ssl.c:993: The handshake operation timed out>
19:49:54   errore <urlopen error _ssl.c:993: The handshake operation timed out>
19:50:02   ecmwf_ifs025: corse fino al 2026-06-21
19:52:07   errore <urlopen error _ssl.c:993: The handshake operation timed out>
19:54:20   errore <urlopen error _ssl.c:993: The handshake operation timed out>
19:56:33   errore <urlopen error _ssl.c:993: The handshake operation timed out>
19:58:46   errore <urlopen error _ssl.c:993: The handshake operation timed out>
20:00:59   errore <urlopen error _ssl.c:993: The handshake operation timed out>
20:01:06   ecmwf_ifs025: corse fino al 2026-07-11
20:03:12   errore <urlopen error _ssl.c:993: The handshake operation timed out>
20:05:24   errore <urlopen error _ssl.c:993: The handshake operation timed out>
20:07:37   errore <urlopen error _ssl.c:993: The handshake operation timed out>
20:08:01   ecmwf_ifs025: corse fino al 2026-07-31
20:10:02   errore <urlopen error _ssl.c:993: The handshake operation timed out>
20:12:17   errore <urlopen error _ssl.c:993: The handshake operation timed out>
20:14:30   errore <urlopen error _ssl.c:993: The handshake operation timed out>
20:16:43   errore <urlopen error _ssl.c:993: The handshake operation timed out>
20:18:56   errore <urlopen error _ssl.c:993: The handshake operation timed out>
20:19:06   ecmwf_ifs025: corse fino al 2026-08-20
20:21:09   errore <urlopen error _ssl.c:993: The handshake operation timed out>
20:23:22   errore <urlopen error _ssl.c:993: The handshake operation timed out>
20:25:34   errore <urlopen error _ssl.c:993: The handshake operation timed out>
20:27:47   errore <urlopen error _ssl.c:993: The handshake operation timed out>
20:30:00   errore <urlopen error _ssl.c:993: The handshake operation timed out>
20:30:10   ecmwf_ifs025: corse fino al 2026-09-09
20:32:13   errore <urlopen error _ssl.c:993: The handshake operation timed out>
20:34:26   errore <urlopen error _ssl.c:993: The handshake operation timed out>
20:36:39   errore <urlopen error _ssl.c:993: The handshake operation timed out>
20:38:52   errore <urlopen error _ssl.c:993: The handshake operation timed out>
20:41:05   errore <urlopen error _ssl.c:993: The handshake operation timed out>
20:41:15   ecmwf_ifs025: corse fino al 2026-09-29
20:43:18   errore <urlopen error _ssl.c:993: The handshake operation timed out>
20:45:31   errore <urlopen error _ssl.c:993: The handshake operation timed out>
20:45:43 ecmwf_ifs025: 189 corse
